../drivers/Src/stm32f407xx_gpio_driver.c:28:20:GPIO_write_field	32	static
../drivers/Src/stm32f407xx_gpio_driver.c:62:10:GPIO_init	16	static
../drivers/Src/stm32f407xx_gpio_driver.c:91:15:GPIO_port_to_idx	16	static
../drivers/Src/stm32f407xx_gpio_driver.c:133:10:GPIO_Config	40	static
../drivers/Src/stm32f407xx_gpio_driver.c:228:10:GPIO_Reset	24	static
../drivers/Src/stm32f407xx_gpio_driver.c:253:10:GPIO_PeriClkCtl	24	static
../drivers/Src/stm32f407xx_gpio_driver.c:281:9:GPIO_ReadPin	16	static
../drivers/Src/stm32f407xx_gpio_driver.c:299:10:GPIO_ReadPort	16	static
../drivers/Src/stm32f407xx_gpio_driver.c:320:10:GPIO_WritePin	16	static
../drivers/Src/stm32f407xx_gpio_driver.c:345:10:GPIO_WritePort	16	static
../drivers/Src/stm32f407xx_gpio_driver.c:367:10:GPIO_ToggleOutputPin	16	static
../drivers/Src/stm32f407xx_gpio_driver.c:390:10:GPIO_IRQEnable	16	static
../drivers/Src/stm32f407xx_gpio_driver.c:408:10:GPIO_IRQDisable	16	static
../drivers/Src/stm32f407xx_gpio_driver.c:427:10:GPIO_IRQPriority	24	static
../drivers/Src/stm32f407xx_gpio_driver.c:457:10:GPIO_IRQHandling	16	static
